------------------------------------------------------------
Timing Analyzer Summary
------------------------------------------------------------

Type  : Slow 1100mV 85C Model Setup 'clk'
Slack : -6.801
TNS   : -212.004

Type  : Slow 1100mV 85C Model Hold 'clk'
Slack : 0.400
TNS   : 0.000

Type  : Slow 1100mV 85C Model Minimum Pulse Width 'clk'
Slack : 4.393
TNS   : 0.000

Type  : Slow 1100mV 0C Model Setup 'clk'
Slack : -6.598
TNS   : -205.182

Type  : Slow 1100mV 0C Model Hold 'clk'
Slack : 0.396
TNS   : 0.000

Type  : Slow 1100mV 0C Model Minimum Pulse Width 'clk'
Slack : 4.310
TNS   : 0.000

Type  : Fast 1100mV 85C Model Setup 'clk'
Slack : 0.055
TNS   : 0.000

Type  : Fast 1100mV 85C Model Hold 'clk'
Slack : 0.212
TNS   : 0.000

Type  : Fast 1100mV 85C Model Minimum Pulse Width 'clk'
Slack : 4.418
TNS   : 0.000

Type  : Fast 1100mV 0C Model Setup 'clk'
Slack : 0.878
TNS   : 0.000

Type  : Fast 1100mV 0C Model Hold 'clk'
Slack : 0.197
TNS   : 0.000

Type  : Fast 1100mV 0C Model Minimum Pulse Width 'clk'
Slack : 4.418
TNS   : 0.000

------------------------------------------------------------
